#-----------------------------------------------------------
# Vivado v2025.1 (64-bit)
# SW Build 6140274 on Thu May 22 00:12:29 MDT 2025
# IP Build 6138677 on Thu May 22 03:10:11 MDT 2025
# SharedData Build 6139179 on Tue May 20 17:58:58 MDT 2025
# Start of session at: Mon Dec  8 11:23:46 2025
# Process ID         : 31968
# Current directory  : C:/Filer Vivado/IMULib_V2_Virker/IMULib.runs/impl_1
# Command line       : vivado.exe -log mpu_rg.vdi -applog -product Vivado -messageDb vivado.pb -mode batch -source mpu_rg.tcl -notrace
# Log file           : C:/Filer Vivado/IMULib_V2_Virker/IMULib.runs/impl_1/mpu_rg.vdi
# Journal file       : C:/Filer Vivado/IMULib_V2_Virker/IMULib.runs/impl_1\vivado.jou
# Running On         : Magnus_PC
# Platform           : Windows Server 2016 or Windows 10
# Operating System   : 26100
# Processor Detail   : Intel(R) Core(TM) Ultra 5 125U
# CPU Frequency      : 2688 MHz
# CPU Physical cores : 12
# CPU Logical cores  : 14
# Host memory        : 16602 MB
# Swap memory        : 17138 MB
# Total Virtual      : 33740 MB
# Available Virtual  : 15307 MB
#-----------------------------------------------------------
source mpu_rg.tcl -notrace
